Microchip MPLAB XC8 Compiler V2.41

Linker command line:

-W-3 \
  --edf=C:/Users/LENOVO/.mchp_packs/Microchip/PIC18F-K_DFP/1.8.249/xc8\pic\dat\20230209213641_en.msgs \
  -cn -h+dist/default/production\diploma_project.X.production.sym \
  --cmf=dist/default/production\diploma_project.X.production.cmf -z \
  -Q18F46K20 -oC:\Users\LENOVO\AppData\Local\Temp\xcAsgvc.\driver_tmp_3.o \
  --defsym=__MPLAB_BUILD=1 --fixupoverflow=error \
  -Mdist/default/production/diploma_project.X.production.map \
  --md=C:\Users\LENOVO\AppData\Local\Temp\xcAsgvc.\driver_tmp_0.dat -E1 \
  -ver=XC8 Compiler --acfsm=1493 -ACODE=00h-0FFFFh -ACONST=00h-0FFFFh \
  -ASMALLCONST=01000h-010FFhx240 -AMEDIUMCONST=01000h-0FFFFh \
  -ACOMRAM=01h-05Fh -AABS1=00h-0F5Fh -ABIGRAM=01h-0F5Fh \
  -ARAM=060h-0FFh,0100h-01FFhx14,0F00h-0F5Fh -ABANK0=060h-0FFh \
  -ABANK1=0100h-01FFh -ABANK2=0200h-02FFh -ABANK3=0300h-03FFh \
  -ABANK4=0400h-04FFh -ABANK5=0500h-05FFh -ABANK6=0600h-06FFh \
  -ABANK7=0700h-07FFh -ABANK8=0800h-08FFh -ABANK9=0900h-09FFh \
  -ABANK10=0A00h-0AFFh -ABANK11=0B00h-0BFFh -ABANK12=0C00h-0CFFh \
  -ABANK13=0D00h-0DFFh -ABANK14=0E00h-0EFFh -ABANK15=0F00h-0F5Fh \
  -ASFR=0F60h-0FFFh -ABIGSFR=0F60h-0FFFh -ACONFIG=0300000h-030000Dh \
  -AIDLOC=0200000h-0200007h -AEEDATA=0F00000h-0F003FFh -peeprom_data=EEDATA \
  -preset_vec=00h,intcode=08h,intcodelo,powerup,init -pramtop=01000h \
  -psmallconst=SMALLCONST -pmediumconst=MEDIUMCONST -pconst=CONST \
  -AFARRAM=00h-00h \
  -prdata=COMRAM,nvrram=COMRAM,nvbit=COMRAM,rbss=COMRAM,rbit=COMRAM \
  -pfarbss=FARRAM,fardata=FARRAM,nvFARRAM=FARRAM \
  -pintsave_regs=BIGRAM,bigbss=BIGRAM,bigdata=BIGRAM -pbss=RAM \
  -pidata=CODE,irdata=CODE,ibigdata=CODE,ifardata=CODE -prparam=COMRAM \
  C:\Users\LENOVO\AppData\Local\Temp\xcAsgvc.\driver_tmp_9.o \
  dist/default/production\diploma_project.X.production.o 

Object code version is 3.11

Machine type is 18F46K20



                Name                               Link     Load   Length Selector   Space Scale
C:\Users\LENOVO\AppData\Local\Temp\xcAsgvc.\driver_tmp_9.o
                idloc                            200000   200000        8        0       5
                config                           300000   300000        E        0       4
                init                                17E      17E        4        4       0
                reset_vec                             0        0        4        0       0
dist/default/production\diploma_project.X.production.o
                intcode                               8        8      176        4       0
                idloc                            200000   200000        8        0       5
                config                           300000   300000        E        0       4
                temp                                 5F       5F        1        1       1
                smallconst                         1000     1000       16      800       0
                text17                             18CA     18CA        4      80B       0
                text16                             18C6     18C6        4      80B       0
                text15                             18C2     18C2        4      80B       0
                text14                             18D0     18D0        2      80B       0
                text13                             18BE     18BE        4      80B       0
                text12                             18BA     18BA        4      80B       0
                text11                             18B6     18B6        4      80B       0
                text10                             18B2     18B2        4      80B       0
                text9                              189E     189E        C      80B       0
                text8                              1892     1892        C      80B       0
                text7                              1886     1886        C      80B       0
                text5                              18CE     18CE        2      80B       0
                text4                              1564     1564      106      80B       0
                text3                              1016     1016      39A      80B       0
                text2                              13B0     13B0      1B4      80B       0
                text1                              175C     175C       8E      80B       0
                text0                              166A     166A       F2      80B       0
                cstackCOMRAM                          1        1       37        1       1
                dataBANK0                            60       60       3A       60       1
                bssBANK0                             9A       9A       31       60       1
                dataCOMRAM                           56       56        8        1       1
                bssCOMRAM                            38       38       1E        1       1
                cinit                              17EA     17EA       62      80B       0
                nvCOMRAM                             5E       5E        1        1       1
                idataBANK0                         184C     184C       3A      80B       0
                idataCOMRAM                        18AA     18AA        8      80B       0

TOTAL           Name                               Link     Load   Length     Space
        CLASS   CODE           
                intcode                               8        8      176         0
                init                                17E      17E        4         0
                reset_vec                             0        0        4         0
                text17                             18CA     18CA        4         0
                text16                             18C6     18C6        4         0
                text15                             18C2     18C2        4         0
                text14                             18D0     18D0        2         0
                text13                             18BE     18BE        4         0
                text12                             18BA     18BA        4         0
                text11                             18B6     18B6        4         0
                text10                             18B2     18B2        4         0
                text9                              189E     189E        C         0
                text8                              1892     1892        C         0
                text7                              1886     1886        C         0
                text5                              18CE     18CE        2         0
                text4                              1564     1564      106         0
                text3                              1016     1016      39A         0
                text2                              13B0     13B0      1B4         0
                text1                              175C     175C       8E         0
                text0                              166A     166A       F2         0
                cinit                              17EA     17EA       62         0
                idataBANK0                         184C     184C       3A         0
                idataCOMRAM                        18AA     18AA        8         0

        CLASS   CONST          

        CLASS   SMALLCONST     
                smallconst                         1000     1000       16         0

        CLASS   MEDIUMCONST    

        CLASS   COMRAM         
                temp                                 5F       5F        1         1
                cstackCOMRAM                          1        1       37         1
                dataCOMRAM                           56       56        8         1
                bssCOMRAM                            38       38       1E         1
                nvCOMRAM                             5E       5E        1         1

        CLASS   ABS1           

        CLASS   BIGRAM         

        CLASS   RAM            

        CLASS   BANK0          
                dataBANK0                            60       60       3A         1
                bssBANK0                             9A       9A       31         1

        CLASS   BANK1          

        CLASS   BANK2          

        CLASS   BANK3          

        CLASS   BANK4          

        CLASS   BANK5          

        CLASS   BANK6          

        CLASS   BANK7          

        CLASS   BANK8          

        CLASS   BANK9          

        CLASS   BANK10         

        CLASS   BANK11         

        CLASS   BANK12         

        CLASS   BANK13         

        CLASS   BANK14         

        CLASS   BANK15         

        CLASS   SFR            

        CLASS   BIGSFR         

        CLASS   CONFIG         
                config                           300000   300000        E         4

        CLASS   IDLOC          
                idloc                            200000   200000        8         5

        CLASS   EEDATA         

        CLASS   FARRAM         

        CLASS   HEAP           

        CLASS   STACK          



SEGMENTS        Name                           Load    Length   Top    Selector   Space  Class

                reset_vec                      000000  000004  000004         0       0  CODE    
                cstackCOMRAM                   000001  00005F  000060         1       1  COMRAM  
                intcode                        000008  00017A  000182         4       0  CODE    
                dataBANK0                      000060  00006B  0000CB        60       1  BANK0   
                smallconst                     001000  000016  001016       800       0  SMALLCON
                text3                          001016  0008BC  0018D2       80B       0  CODE    


UNUSED ADDRESS RANGES

        Name                Unused          Largest block    Delta
        BANK0            0000CB-0000FF               35
        BANK1            000100-0001FF              100
        BANK10           000A00-000AFF              100
        BANK11           000B00-000BFF              100
        BANK12           000C00-000CFF              100
        BANK13           000D00-000DFF              100
        BANK14           000E00-000EFF              100
        BANK15           000F00-000F5F               60
        BANK2            000200-0002FF              100
        BANK3            000300-0003FF              100
        BANK4            000400-0004FF              100
        BANK5            000500-0005FF              100
        BANK6            000600-0006FF              100
        BANK7            000700-0007FF              100
        BANK8            000800-0008FF              100
        BANK9            000900-0009FF              100
        BIGRAM           0000CB-000F5F              E95
        BIGSFR           000F60-000FFF               A0
        CODE             000004-000007                4
                         000182-000FFF              E7E
                         0018D2-00FFFF             E72E
        CONST            000004-000007                4
                         000182-000FFF              E7E
                         0018D2-00FFFF             E72E
        EEDATA           F00000-F003FF              400
        MEDIUMCONST      0018D2-00FFFF             E72E
        RAM              0000CB-000F5F              100
        SFR              000F60-000FFF               A0
        SMALLCONST       0018D2-00FFFF              100

                                  Symbol Table

?___fldiv                      cstackCOMRAM 00000F
?___fltol                      cstackCOMRAM 000028
?___xxtofl                     cstackCOMRAM 000001
?_calc_dist                    cstackCOMRAM 000028
_ADCON0bits                    (abs)        000FC2
_ADCON1bits                    (abs)        000FC1
_ADCON2bits                    (abs)        000FC0
_ADC_INTERRUPT_HANDLER         bssCOMRAM    000042
_ADC_ISR                       text17       0018CA
_ADRESH                        (abs)        000FC4
_ADRESL                        (abs)        000FC3
_APP_INIT                      text5        0018CE
_BAUDCONbits                   (abs)        000FB8
_CCP1CONbits                   (abs)        000FBD
_CCP1_ISR                      text16       0018C6
_CCP1_interrupt_handler        bssCOMRAM    000040
_CCP2CONbits                   (abs)        000FBA
_CCP2_ISR                      text15       0018C2
_CCP2_interrupt_handler        bssCOMRAM    00003E
_CCPR1L                        (abs)        000FBE
_CCPR2L                        (abs)        000FBB
_EEADR                         (abs)        000FA9
_EEADRH                        (abs)        000FAA
_EECON1bits                    (abs)        000FA6
_EECON2                        (abs)        000FA7
_EEDATA                        (abs)        000FA8
_EUSART_FERR_INTERRUPT_HANDLER bssBANK0     0000B1
_EUSART_OERR_INTERRUPT_HANDLER bssBANK0     0000AF
_EUSART_RX_INTERRUPT_HANDLER   bssBANK0     0000B3
_EUSART_RX_ISR                 text14       0018D0
_EUSART_TX_INTERRUPT_HANDLER   bssBANK0     0000B5
_EUSART_TX_ISR                 text13       0018BE
_INT0_ISR                      text12       0018BA
_INT0_interrupt_handler        bssBANK0     0000C9
_INT1_ISR                      text11       0018B6
_INT1_interrupt_handler        bssBANK0     0000C7
_INT2_ISR                      text10       0018B2
_INT2_interrupt_handler        bssBANK0     0000C5
_INTCON2bits                   (abs)        000FF1
_INTCON3bits                   (abs)        000FF0
_INTCONbits                    (abs)        000FF2
_INTEERRUPT_MANAGER            intcode      000008
_LATA                          (abs)        000F89
_LATB                          (abs)        000F8A
_LATC                          (abs)        000F8B
_LATD                          (abs)        000F8C
_LATE                          (abs)        000F8D
_LAT_reg                       dataBANK0    00006A
_PIE1bits                      (abs)        000F9D
_PIE2bits                      (abs)        000FA0
_PIR1bits                      (abs)        000F9E
_PIR2bits                      (abs)        000FA1
_PORTA                         (abs)        000F80
_PORTB                         (abs)        000F81
_PORTC                         (abs)        000F82
_PORTD                         (abs)        000F83
_PORTE                         (abs)        000F84
_PORT_reg                      dataBANK0    000074
_PR2                           (abs)        000FCB
_RB4_interrupt_handler         bssBANK0     0000C3
_RB5_interrupt_handler         bssBANK0     0000C1
_RB6_interrupt_handler         bssBANK0     0000BF
_RB7_interrupt_handler         bssBANK0     0000BD
_RC2                           (abs)        007C12
_RC3                           (abs)        007C13
_RCREG                         (abs)        000FAE
_RCSTAbits                     (abs)        000FAB
_RET_VAL                       bssCOMRAM    000044
_SPBRG                         (abs)        000FAF
_SPBRGH                        (abs)        000FB0
_T0CONbits                     (abs)        000FD5
_T1CKPS0                       (abs)        007E6C
_T1CKPS1                       (abs)        007E6D
_T1CONbits                     (abs)        000FCD
_T2CONbits                     (abs)        000FCA
_T3CONbits                     (abs)        000FB1
_TIMER0_INTERRUPT_HANDLER      bssBANK0     0000BB
_TIMER0_ISR                    text9        00189E
_TIMER1_INTERRUPT_HANDLER      bssBANK0     0000B9
_TIMER1_ISR                    text8        001892
_TIMER3_ISR                    text7        001886
_TMR0H                         (abs)        000FD7
_TMR0L                         (abs)        000FD6
_TMR1                          (abs)        000FCE
_TMR1CS                        (abs)        007E69
_TMR1H                         (abs)        000FCF
_TMR1L                         (abs)        000FCE
_TMR1ON                        (abs)        007E68
_TMR2                          (abs)        000FCC
_TMR3H                         (abs)        000FB3
_TMR3L                         (abs)        000FB2
_TRISA                         (abs)        000F92
_TRISB                         (abs)        000F93
_TRISC                         (abs)        000F94
_TRISC2                        (abs)        007CA2
_TRISC3                        (abs)        007CA3
_TRISCbits                     (abs)        000F94
_TRISD                         (abs)        000F95
_TRISE                         (abs)        000F96
_TRIS_reg                      dataBANK0    000060
_TXREG                         (abs)        000FAD
_TXSTAbits                     (abs)        000FAC
__HRAM                         (abs)        000000
__H__absolute__                __absolute__ 000000
__Habs1                        abs1         000000
__Hbank0                       bank0        000000
__Hbank1                       bank1        000000
__Hbank10                      bank10       000000
__Hbank11                      bank11       000000
__Hbank12                      bank12       000000
__Hbank13                      bank13       000000
__Hbank14                      bank14       000000
__Hbank15                      bank15       000000
__Hbank2                       bank2        000000
__Hbank3                       bank3        000000
__Hbank4                       bank4        000000
__Hbank5                       bank5        000000
__Hbank6                       bank6        000000
__Hbank7                       bank7        000000
__Hbank8                       bank8        000000
__Hbank9                       bank9        000000
__Hbigbss                      bigbss       000000
__Hbigdata                     bigdata      000000
__Hbigram                      bigram       000000
__Hbigsfr                      bigsfr       000000
__Hbss                         bss          000000
__HbssBANK0                    bssBANK0     000000
__HbssCOMRAM                   bssCOMRAM    000000
__Hcinit                       cinit        000000
__Hclrtext                     clrtext      000000
__Hcomram                      comram       000000
__Hconfig                      config       30000E
__Hconst                       const        000000
__HcstackCOMRAM                cstackCOMRAM 000000
__Hdata                        data         000000
__HdataBANK0                   dataBANK0    000000
__HdataCOMRAM                  dataCOMRAM   000000
__Heeprom_data                 eeprom_data  000000
__Hfarbss                      farbss       000000
__Hfardata                     fardata      000000
__Hheap                        heap         000000
__Hibigdata                    ibigdata     000000
__Hidata                       idata        000000
__HidataBANK0                  idataBANK0   000000
__HidataCOMRAM                 idataCOMRAM  000000
__Hidloc                       idloc        200008
__Hifardata                    ifardata     000000
__Hinit                        init         000182
__Hintcode                     intcode      00017E
__Hintcode_body                intcode_body 000000
__Hintcodelo                   intcodelo    00017E
__Hintentry                    intentry     000000
__Hintret                      intret       000000
__Hintsave_regs                intsave_regs 000000
__Hirdata                      irdata       000000
__Hmediumconst                 mediumconst  000000
__HnvCOMRAM                    nvCOMRAM     000000
__HnvFARRAM                    nvFARRAM     000000
__Hnvbit                       nvbit        000000
__Hnvrram                      nvrram       000000
__Hparam                       rparam       000000
__Hpowerup                     powerup      00017E
__Hram                         ram          000000
__Hramtop                      ramtop       001000
__Hrbit                        rbit         000000
__Hrbss                        rbss         000000
__Hrdata                       rdata        000000
__Hreset_vec                   reset_vec    000004
__Hrparam                      rparam       000000
__Hsfr                         sfr          000000
__Hsmallconst                  smallconst   001016
__Hspace_0                     (abs)        0018D2
__Hspace_1                     (abs)        0000CB
__Hspace_2                     (abs)        000000
__Hspace_4                     (abs)        60000E
__Hstack                       stack        000000
__Hstruct                      struct       000000
__Htemp                        temp         000060
__Htext                        text         000000
__Htext0                       text0        000000
__Htext1                       text1        000000
__Htext10                      text10       000000
__Htext11                      text11       000000
__Htext12                      text12       000000
__Htext13                      text13       000000
__Htext14                      text14       000000
__Htext15                      text15       000000
__Htext16                      text16       000000
__Htext17                      text17       000000
__Htext2                       text2        000000
__Htext3                       text3        000000
__Htext4                       text4        000000
__Htext5                       text5        000000
__Htext7                       text7        000000
__Htext8                       text8        000000
__Htext9                       text9        000000
__LRAM                         (abs)        000001
__L__absolute__                __absolute__ 000000
__Labs1                        abs1         000000
__Lbank0                       bank0        000000
__Lbank1                       bank1        000000
__Lbank10                      bank10       000000
__Lbank11                      bank11       000000
__Lbank12                      bank12       000000
__Lbank13                      bank13       000000
__Lbank14                      bank14       000000
__Lbank15                      bank15       000000
__Lbank2                       bank2        000000
__Lbank3                       bank3        000000
__Lbank4                       bank4        000000
__Lbank5                       bank5        000000
__Lbank6                       bank6        000000
__Lbank7                       bank7        000000
__Lbank8                       bank8        000000
__Lbank9                       bank9        000000
__Lbigbss                      bigbss       000000
__Lbigdata                     bigdata      000000
__Lbigram                      bigram       000000
__Lbigsfr                      bigsfr       000000
__Lbss                         bss          000000
__LbssBANK0                    bssBANK0     000000
__LbssCOMRAM                   bssCOMRAM    000000
__Lcinit                       cinit        000000
__Lclrtext                     clrtext      000000
__Lcomram                      comram       000000
__Lconfig                      config       000000
__Lconst                       const        000000
__LcstackCOMRAM                cstackCOMRAM 000000
__Ldata                        data         000000
__LdataBANK0                   dataBANK0    000000
__LdataCOMRAM                  dataCOMRAM   000000
__Leeprom_data                 eeprom_data  000000
__Lfarbss                      farbss       000000
__Lfardata                     fardata      000000
__Lheap                        heap         000000
__Libigdata                    ibigdata     000000
__Lidata                       idata        000000
__LidataBANK0                  idataBANK0   000000
__LidataCOMRAM                 idataCOMRAM  000000
__Lidloc                       idloc        000000
__Lifardata                    ifardata     000000
__Linit                        init         00017E
__Lintcode                     intcode      000008
__Lintcode_body                intcode_body 000000
__Lintcodelo                   intcodelo    00017E
__Lintentry                    intentry     000000
__Lintret                      intret       000000
__Lintsave_regs                intsave_regs 000000
__Lirdata                      irdata       000000
__Lmediumconst                 mediumconst  000000
__LnvCOMRAM                    nvCOMRAM     000000
__LnvFARRAM                    nvFARRAM     000000
__Lnvbit                       nvbit        000000
__Lnvrram                      nvrram       000000
__Lparam                       rparam       000000
__Lpowerup                     powerup      00017E
__Lram                         ram          000000
__Lramtop                      ramtop       001000
__Lrbit                        rbit         000000
__Lrbss                        rbss         000000
__Lrdata                       rdata        000000
__Lreset_vec                   reset_vec    000000
__Lrparam                      rparam       000000
__Lsfr                         sfr          000000
__Lsmallconst                  smallconst   001000
__Lspace_0                     (abs)        000000
__Lspace_1                     (abs)        000000
__Lspace_2                     (abs)        000000
__Lspace_4                     (abs)        000000
__Lstack                       stack        000000
__Lstruct                      struct       000000
__Ltemp                        temp         00005F
__Ltext                        text         000000
__Ltext0                       text0        000000
__Ltext1                       text1        000000
__Ltext10                      text10       000000
__Ltext11                      text11       000000
__Ltext12                      text12       000000
__Ltext13                      text13       000000
__Ltext14                      text14       000000
__Ltext15                      text15       000000
__Ltext16                      text16       000000
__Ltext17                      text17       000000
__Ltext2                       text2        000000
__Ltext3                       text3        000000
__Ltext4                       text4        000000
__Ltext5                       text5        000000
__Ltext7                       text7        000000
__Ltext8                       text8        000000
__Ltext9                       text9        000000
__S0                           (abs)        0018D2
__S1                           (abs)        0000CB
__S4                           (abs)        000000
__S5                           (abs)        000000
___fldiv                       text3        001016
___fldiv@a                     cstackCOMRAM 000013
___fldiv@aexp                  cstackCOMRAM 000027
___fldiv@b                     cstackCOMRAM 00000F
___fldiv@bexp                  cstackCOMRAM 000026
___fldiv@grs                   cstackCOMRAM 000022
___fldiv@new_exp               cstackCOMRAM 000020
___fldiv@rem                   cstackCOMRAM 00001B
___fldiv@sign                  cstackCOMRAM 00001F
___fltol                       text4        001564
___fltol@exp1                  cstackCOMRAM 000031
___fltol@f1                    cstackCOMRAM 000028
___fltol@sign1                 cstackCOMRAM 000030
___heap_hi                     (abs)        000000
___heap_lo                     (abs)        000000
___inthi_sp                    stack        000000
___intlo_sp                    stack        000000
___param_bank                  (abs)        000000
___rparam_used                 (abs)        000001
___sp                          stack        000000
___xxtofl                      text2        0013B0
___xxtofl@arg                  cstackCOMRAM 00000B
___xxtofl@exp                  cstackCOMRAM 00000A
___xxtofl@sign                 cstackCOMRAM 000009
___xxtofl@val                  cstackCOMRAM 000001
__accesstop                    (abs)        000060
__activetblptr                 (abs)        000003
__end_of_ADC_ISR               text17       0018CE
__end_of_APP_INIT              text5        0018D0
__end_of_CCP1_ISR              text16       0018CA
__end_of_CCP2_ISR              text15       0018C6
__end_of_EUSART_RX_ISR         text14       0018D2
__end_of_EUSART_TX_ISR         text13       0018C2
__end_of_INT0_ISR              text12       0018BE
__end_of_INT1_ISR              text11       0018BA
__end_of_INT2_ISR              text10       0018B6
__end_of_INTEERRUPT_MANAGER    intcode      00017E
__end_of_TIMER0_ISR            text9        0018AA
__end_of_TIMER1_ISR            text8        00189E
__end_of_TIMER3_ISR            text7        001892
__end_of___fldiv               text3        0013B0
__end_of___fltol               text4        00166A
__end_of___xxtofl              text2        001564
__end_of__initialization       cinit        001842
__end_of_btn_values            smallconst   001011
__end_of_calc_dist             text1        0017EA
__end_of_main                  text0        00175C
__initialization               cinit        0017EA
__mediumconst                  mediumconst  000000
__pbssBANK0                    bssBANK0     00009A
__pbssCOMRAM                   bssCOMRAM    000038
__pcinit                       cinit        0017EA
__pcstackCOMRAM                cstackCOMRAM 000001
__pdataBANK0                   dataBANK0    000060
__pdataCOMRAM                  dataCOMRAM   000056
__pidataBANK0                  idataBANK0   00184C
__pidataCOMRAM                 idataCOMRAM  0018AA
__pintcode                     intcode      000008
__pnvCOMRAM                    nvCOMRAM     00005E
__psmallconst                  smallconst   001000
__ptext0                       text0        00166A
__ptext1                       text1        00175C
__ptext10                      text10       0018B2
__ptext11                      text11       0018B6
__ptext12                      text12       0018BA
__ptext13                      text13       0018BE
__ptext14                      text14       0018D0
__ptext15                      text15       0018C2
__ptext16                      text16       0018C6
__ptext17                      text17       0018CA
__ptext2                       text2        0013B0
__ptext3                       text3        001016
__ptext4                       text4        001564
__ptext5                       text5        0018CE
__ptext7                       text7        001886
__ptext8                       text8        001892
__ptext9                       text9        00189E
__ramtop                       ramtop       001000
__smallconst                   smallconst   001000
_btn_values                    smallconst   001001
_calc_dist                     text1        00175C
_dist                          nvCOMRAM     00005E
_keypad_1                      dataBANK0    000088
_lcd_1                         dataBANK0    000090
_lcd_2                         dataBANK0    00007E
_led_1                         dataCOMRAM   00005D
_led_2                         dataCOMRAM   00005C
_led_3                         dataCOMRAM   00005B
_led_4                         dataCOMRAM   00005A
_led_5                         dataCOMRAM   000059
_led_6                         dataCOMRAM   000058
_led_7                         dataCOMRAM   000057
_led_8                         dataCOMRAM   000056
_main                          text0        00166A
_motor_1                       dataBANK0    000098
_motor_2                       dataBANK0    000096
_timer0_preloaded_value        bssCOMRAM    00003C
_timer1_preloaded_value        bssCOMRAM    00003A
_timer2_preloaded_value        bssCOMRAM    000049
_timer3_interrupt_handler      bssBANK0     0000B7
_timer3_preloaded_value        bssCOMRAM    000038
btemp                          temp         00005F
calc_dist@distance             cstackCOMRAM 00002C
dc_motor_init@F3286            bssCOMRAM    000055
dc_motor_init@F3288            bssCOMRAM    000054
dc_motor_move_left@F3300       bssCOMRAM    000051
dc_motor_move_left@F3302       bssCOMRAM    000050
dc_motor_move_right@F3293      bssCOMRAM    000053
dc_motor_move_right@F3295      bssCOMRAM    000052
dc_motor_stop@F3307            bssCOMRAM    00004F
dc_motor_stop@F3309            bssCOMRAM    00004E
end_of_initialization          cinit        001842
int$flags                      temp         00005F
intlevel0                      text         000000
intlevel1                      text         000000
intlevel2                      text         000000
intlevel3                      text         000000
isa$std                        (abs)        000001
isa$xinst                      (abs)        000000
led_initialize@F3291           bssCOMRAM    00004D
led_toggle@F3306               bssCOMRAM    00004A
led_turn_off@F3301             bssCOMRAM    00004B
led_turn_on@F3296              bssCOMRAM    00004C
main@retvaldist                cstackCOMRAM 000034
relay_init@F3287               bssCOMRAM    000048
relay_off@F3299                bssCOMRAM    000046
relay_on@F3293                 bssCOMRAM    000047
relay_toggle@F3304             bssCOMRAM    000045
stackhi                        (abs)        000000
stacklo                        (abs)        000000
start                          init         00017E
start_initialization           cinit        0017EA
ttemp5                         temp         000060
ttemp6                         temp         000063
ttemp7                         temp         000067
wtemp8                         temp         000060


MODULE INFORMATION

Module		Function		Class		Link	Load	Size
mcal_layer/EUSART/hal_EUSART.c
		_EUSART_RX_ISR 		CODE           	18D0	0000	2
		_EUSART_TX_ISR 		CODE           	18BE	0000	4

mcal_layer/EUSART/hal_EUSART.c estimated size: 6

mcal_layer/interrupt/mcal_interrupt_manager.c
		_INTEERRUPT_MANAGER		CODE           	0008	0000	374

mcal_layer/interrupt/mcal_interrupt_manager.c estimated size: 374

mcal_layer/ADC/hal_adc.c
		_ADC_ISR       		CODE           	18CA	0000	4

mcal_layer/ADC/hal_adc.c estimated size: 4

mcal_layer/CCP/hal_ccp.c
		_CCP1_ISR      		CODE           	18C6	0000	4
		_CCP2_ISR      		CODE           	18C2	0000	4

mcal_layer/CCP/hal_ccp.c estimated size: 8

C:\Users\LENOVO\Desktop\Mplab X IDE\compiler\pic\sources\c99\common\xxtofl.c
		___xxtofl      		CODE           	13B0	0000	436

C:\Users\LENOVO\Desktop\Mplab X IDE\compiler\pic\sources\c99\common\xxtofl.c estimated size: 436

C:\Users\LENOVO\Desktop\Mplab X IDE\compiler\pic\sources\c99\common\fltol.c
		___fltol       		CODE           	1564	0000	262

C:\Users\LENOVO\Desktop\Mplab X IDE\compiler\pic\sources\c99\common\fltol.c estimated size: 262

mcal_layer/Timer3/hal_timer3.c
		_TIMER3_ISR    		CODE           	1886	0000	12

mcal_layer/Timer3/hal_timer3.c estimated size: 12

C:\Users\LENOVO\Desktop\Mplab X IDE\compiler\pic\sources\c99\common\sprcdiv.c
		___fldiv       		CODE           	1016	0000	922

C:\Users\LENOVO\Desktop\Mplab X IDE\compiler\pic\sources\c99\common\sprcdiv.c estimated size: 922

shared
		_btn_values    		SMALLCONST     	1001	0000	16
		__initialization		CODE           	17EA	0000	88

shared estimated size: 104

app.c
		_main          		CODE           	166A	0000	242
		_calc_dist     		CODE           	175C	0000	142
		_APP_INIT      		CODE           	18CE	0000	2

app.c estimated size: 386

mcal_layer/interrupt/mcal_external_interrupt.c
		_INT0_ISR      		CODE           	18BA	0000	4
		_INT1_ISR      		CODE           	18B6	0000	4
		_INT2_ISR      		CODE           	18B2	0000	4

mcal_layer/interrupt/mcal_external_interrupt.c estimated size: 12

mcal_layer/Timer1/hal_timer1.c
		_TIMER1_ISR    		CODE           	1892	0000	12

mcal_layer/Timer1/hal_timer1.c estimated size: 12

mcal_layer/Timer0/hal_timer0.c
		_TIMER0_ISR    		CODE           	189E	0000	12

mcal_layer/Timer0/hal_timer0.c estimated size: 12

